........................................................................ [  5%]
........................................................................ [ 10%]
........................................................................ [ 15%]
........................................................................ [ 20%]
........................................................................ [ 25%]
........................................................................ [ 31%]
........................................................................ [ 36%]
........................................................................ [ 41%]
........................................................................ [ 46%]
........................................................................ [ 51%]
........................................................................ [ 57%]
........................................................................ [ 62%]
........................................................................ [ 67%]
........................................................................ [ 72%]
.............................................xxxxxxxxxxx................ [ 77%]
........................................................................ [ 83%]
........................................................................ [ 88%]
s....................................................................... [ 93%]
........................................................................ [ 98%]
...................                                                      [100%]
=============================== warnings summary ===============================
engine/worker/config.py:12
  /Users/clupa/Documents/projects/autoaudit/AutoAudit-phase-7/engine/worker/config.py:12: PydanticDeprecatedSince20: Support for class-based `config` is deprecated, use ConfigDict instead. Deprecated in Pydantic V2.0 to be removed in V3.0. See Pydantic V2 Migration Guide at https://errors.pydantic.dev/2.13/migration/
    class WorkerSettings(BaseSettings):

tests/test_phase5_powershell_boundary.py::test_service_rejects_unauthenticated_request_before_execution
  /Users/clupa/Documents/projects/autoaudit/AutoAudit-phase-7/engine/.venv/lib/python3.11/site-packages/fastapi/testclient.py:1: StarletteDeprecationWarning: Using `httpx` with `starlette.testclient` is deprecated; install `httpx2` instead.
    from starlette.testclient import TestClient as TestClient  # noqa

-- Docs: https://docs.pytest.org/en/stable/how-to/capture-warnings.html
1375 passed, 1 skipped, 11 xfailed, 2 warnings in 9.94s
