{
  "version": "1.5.0",
  "plugins_used": [
    {
      "name": "ArtifactoryDetector"
    },
    {
      "name": "AWSKeyDetector"
    },
    {
      "name": "AzureStorageKeyDetector"
    },
    {
      "name": "Base64HighEntropyString",
      "limit": 4.5
    },
    {
      "name": "BasicAuthDetector"
    },
    {
      "name": "CloudantDetector"
    },
    {
      "name": "DiscordBotTokenDetector"
    },
    {
      "name": "GitHubTokenDetector"
    },
    {
      "name": "GitLabTokenDetector"
    },
    {
      "name": "GoogleOAuthClientSecretDetector",
      "path": "file://tools/google_oauth_secret_detector.py"
    },
    {
      "name": "HexHighEntropyString",
      "limit": 3.0
    },
    {
      "name": "IbmCloudIamDetector"
    },
    {
      "name": "IbmCosHmacDetector"
    },
    {
      "name": "IPPublicDetector"
    },
    {
      "name": "JwtTokenDetector"
    },
    {
      "name": "KeywordDetector",
      "keyword_exclude": ""
    },
    {
      "name": "MailchimpDetector"
    },
    {
      "name": "NpmDetector"
    },
    {
      "name": "OpenAIDetector"
    },
    {
      "name": "PrivateKeyDetector"
    },
    {
      "name": "PypiTokenDetector"
    },
    {
      "name": "SendGridDetector"
    },
    {
      "name": "SlackDetector"
    },
    {
      "name": "SoftlayerDetector"
    },
    {
      "name": "SquareOAuthDetector"
    },
    {
      "name": "StripeDetector"
    },
    {
      "name": "TelegramBotTokenDetector"
    },
    {
      "name": "TwilioKeyDetector"
    }
  ],
  "filters_used": [
    {
      "path": "detect_secrets.filters.allowlist.is_line_allowlisted"
    },
    {
      "path": "detect_secrets.filters.common.is_baseline_file",
      "filename": ".secrets.baseline"
    },
    {
      "path": "detect_secrets.filters.heuristic.is_indirect_reference"
    },
    {
      "path": "detect_secrets.filters.heuristic.is_likely_id_string"
    },
    {
      "path": "detect_secrets.filters.heuristic.is_lock_file"
    },
    {
      "path": "detect_secrets.filters.heuristic.is_not_alphanumeric_string"
    },
    {
      "path": "detect_secrets.filters.heuristic.is_potential_uuid"
    },
    {
      "path": "detect_secrets.filters.heuristic.is_prefixed_with_dollar_sign"
    },
    {
      "path": "detect_secrets.filters.heuristic.is_sequential_string"
    },
    {
      "path": "detect_secrets.filters.heuristic.is_swagger_file"
    },
    {
      "path": "detect_secrets.filters.heuristic.is_templated_secret"
    },
    {
      "path": "detect_secrets.filters.regex.should_exclude_file",
      "pattern": [
        ".*alembic/versions/.*",
        "docs/.*"
      ]
    }
  ],
  "results": {
    "backend-api/app/core/config.py": [
      {
        "type": "Base64 High Entropy String",
        "filename": "backend-api/app/core/config.py",
        "hashed_secret": "485eba4d1eaba68c2febea55eccdd22e2eac1905",
        "is_verified": false,
        "line_number": 112,
        "is_secret": false
      }
    ],
    "backend-api/tests/test_phase5_config.py": [
      {
        "type": "Base64 High Entropy String",
        "filename": "backend-api/tests/test_phase5_config.py",
        "hashed_secret": "485eba4d1eaba68c2febea55eccdd22e2eac1905",
        "is_verified": false,
        "line_number": 39,
        "is_secret": false
      },
      {
        "type": "Basic Auth Credentials",
        "filename": "backend-api/tests/test_phase5_config.py",
        "hashed_secret": "ab85230e9a00f82361b0655ffbbf32946347c212",
        "is_verified": false,
        "line_number": 40,
        "is_secret": false
      },
      {
        "type": "Basic Auth Credentials",
        "filename": "backend-api/tests/test_phase5_config.py",
        "hashed_secret": "385fcd6760f6432fcdc51c5f995ea61a31d5bbab",
        "is_verified": false,
        "line_number": 78,
        "is_secret": false
      },
      {
        "type": "Basic Auth Credentials",
        "filename": "backend-api/tests/test_phase5_config.py",
        "hashed_secret": "7f6d3d6f16bd95950b1dbba118ea8a94f46e88a2",
        "is_verified": false,
        "line_number": 86,
        "is_secret": false
      }
    ],
    "backend-api/tests/test_phase5_cookie_auth.py": [
      {
        "type": "Hex High Entropy String",
        "filename": "backend-api/tests/test_phase5_cookie_auth.py",
        "hashed_secret": "5cad4a512c504d6a0ea5e3ec51d901e90329bebe",
        "is_verified": false,
        "line_number": 290,
        "is_secret": false
      }
    ],
    "engine/tests/fixtures/crosswalk_semantics.json": [
      {
        "type": "Secret Keyword",
        "filename": "engine/tests/fixtures/crosswalk_semantics.json",
        "hashed_secret": "c3499c2729730a7f807efb8676a92dcb6f8a3f8f",
        "is_verified": false,
        "line_number": 3844,
        "is_secret": false
      },
      {
        "type": "Secret Keyword",
        "filename": "engine/tests/fixtures/crosswalk_semantics.json",
        "hashed_secret": "ae93801a5376c85e8084818a1d61458c6f0fc904",
        "is_verified": false,
        "line_number": 3861,
        "is_secret": false
      }
    ],
    "engine/tests/test_crosswalk_semantics.rego": [
      {
        "type": "Secret Keyword",
        "filename": "engine/tests/test_crosswalk_semantics.rego",
        "hashed_secret": "c3499c2729730a7f807efb8676a92dcb6f8a3f8f",
        "is_verified": false,
        "line_number": 1552,
        "is_secret": false
      },
      {
        "type": "Secret Keyword",
        "filename": "engine/tests/test_crosswalk_semantics.rego",
        "hashed_secret": "ae93801a5376c85e8084818a1d61458c6f0fc904",
        "is_verified": false,
        "line_number": 1576,
        "is_secret": false
      }
    ],
    "engine/tests/test_phase5_powershell_boundary.py": [
      {
        "type": "Secret Keyword",
        "filename": "engine/tests/test_phase5_powershell_boundary.py",
        "hashed_secret": "a4b48a81cdab1e1a5dd37907d6c85ca1c61ddc7c",
        "is_verified": false,
        "line_number": 185,
        "is_secret": false
      }
    ],
    "frontend/src/api/client.test.ts": [
      {
        "type": "Secret Keyword",
        "filename": "frontend/src/api/client.test.ts",
        "hashed_secret": "5baa61e4c9b93f3f0682250b6cf8331b7ee68fd8",
        "is_verified": false,
        "line_number": 60,
        "is_secret": false
      }
    ]
  },
  "generated_at": "2026-09-06T01:59:14Z"
}
