........................................................................ [ 45%]
........................................................................ [ 90%]
...............                                                          [100%]
=============================== warnings summary ===============================
backend-api/.venv/lib/python3.11/site-packages/pydantic/_internal/_config.py:323
backend-api/.venv/lib/python3.11/site-packages/pydantic/_internal/_config.py:323
backend-api/.venv/lib/python3.11/site-packages/pydantic/_internal/_config.py:323
backend-api/.venv/lib/python3.11/site-packages/pydantic/_internal/_config.py:323
backend-api/.venv/lib/python3.11/site-packages/pydantic/_internal/_config.py:323
backend-api/.venv/lib/python3.11/site-packages/pydantic/_internal/_config.py:323
  /Users/clupa/Documents/projects/autoaudit/AutoAudit-phase-6/backend-api/.venv/lib/python3.11/site-packages/pydantic/_internal/_config.py:323: PydanticDeprecatedSince20: Support for class-based `config` is deprecated, use ConfigDict instead. Deprecated in Pydantic V2.0 to be removed in V3.0. See Pydantic V2 Migration Guide at https://errors.pydantic.dev/2.11/migration/
    warnings.warn(DEPRECATION_MESSAGE, DeprecationWarning)

<frozen importlib._bootstrap>:241
<frozen importlib._bootstrap>:241
  <frozen importlib._bootstrap>:241: DeprecationWarning: builtin type SwigPyPacked has no __module__ attribute

<frozen importlib._bootstrap>:241
<frozen importlib._bootstrap>:241
  <frozen importlib._bootstrap>:241: DeprecationWarning: builtin type SwigPyObject has no __module__ attribute

<frozen importlib._bootstrap>:241
  <frozen importlib._bootstrap>:241: DeprecationWarning: builtin type swigvarlink has no __module__ attribute

-- Docs: https://docs.pytest.org/en/stable/how-to/capture-warnings.html
159 passed, 11 warnings in 40.22s
sys:1: DeprecationWarning: builtin type swigvarlink has no __module__ attribute
